
> productivity-site@0.1.0 build
> next build

Γû▓ Next.js 16.1.7 (Turbopack)
- Environments: .env.local

  Creating an optimized production build ...
node.exe : 
At line:1 char:1
+ & 
"C:\nvm4w\nodejs/node.exe" "C:
\nvm4w\nodejs/node_modules/npm
/bin/np ...
+ ~~~~~~~~~~~~~~~~~~~~~~~~~~~~
~~~~~~~~~~~~~~~~~~~~~~~~~~~~~~
~~~~~~~~~~~
    + CategoryInfo            
  : NotSpecified:     
(:String) [], Remote    
Exception
    + FullyQualifiedErro    
rId : NativeCommandE    rror
 
> Build error occurred
Error: Turbopack build failed 
with 5 errors:
./src/app/accountability/page.
tsx:8:1
Module not found: Can't 
resolve '../../../convex/_gene
rated/api'
[0m [90m  6 |[39m 
[36mimport[39m { 
[33mMessage[39m } 
[36mfrom[39m [32m"@/lib/ope
nrouter"[39m[33m;[39m
 [90m  7 |[39m 
[36mimport[39m { 
useQuery[33m,[39m 
useMutation } [36mfrom[39m 
[32m"convex/react"[39m[33m;
[39m
[31m[1m>[22m[39m[90m  8 
|[39m [36mimport[39m { api 
} [36mfrom[39m [32m"../../.
./convex/_generated/api"[39m
[33m;[39m
 [90m    |[39m [31m[1m^[2
2m[39m[31m[1m^[22m[39m[3
1m[1m^[22m[39m[31m[1m^[2
2m[39m[31m[1m^[22m[39m[3
1m[1m^[22m[39m[31m[1m^[2
2m[39m[31m[1m^[22m[39m[3
1m[1m^[22m[39m[31m[1m^[2
2m[39m[31m[1m^[22m[39m[3
1m[1m^[22m[39m[31m[1m^[2
2m[39m[31m[1m^[22m[39m[3
1m[1m^[22m[39m[31m[1m^[2
2m[39m[31m[1m^[22m[39m[3
1m[1m^[22m[39m[31m[1m^[2
2m[39m[31m[1m^[22m[39m[3
1m[1m^[22m[39m[31m[1m^[2
2m[39m[31m[1m^[22m[39m[3
1m[1m^[22m[39m[31m[1m^[2
2m[39m[31m[1m^[22m[39m[3
1m[1m^[22m[39m[31m[1m^[2
2m[39m[31m[1m^[22m[39m[3
1m[1m^[22m[39m[31m[1m^[2
2m[39m[31m[1m^[22m[39m[3
1m[1m^[22m[39m[31m[1m^[2
2m[39m[31m[1m^[22m[39m[3
1m[1m^[22m[39m[31m[1m^[2
2m[39m[31m[1m^[22m[39m[3
1m[1m^[22m[39m[31m[1m^[2
2m[39m[31m[1m^[22m[39m[3
1m[1m^[22m[39m[31m[1m^[2
2m[39m[31m[1m^[22m[39m[3
1m[1m^[22m[39m[31m[1m^[2
2m[39m[31m[1m^[22m[39m[3
1m[1m^[22m[39m[31m[1m^[2
2m[39m[31m[1m^[22m[39m[3
1m[1m^[22m[39m[31m[1m^[2
2m[39m[31m[1m^[22m[39m
 [90m  9 |[39m 
[36mimport[39m { v4 
[36mas[39m uuidv4 } 
[36mfrom[39m 
[32m"uuid"[39m[33m;[39m
 [90m 10 |[39m
 [90m 11 |[39m 
[36mconst[39m 
[33mHABITS[39m [33m=[39m 
[[0m



Import traces:
  Client Component Browser:
    ./src/app/accountability/p
age.tsx [Client Component 
Browser]
    ./src/app/accountability/p
age.tsx [Server Component]

  Client Component SSR:
    ./src/app/accountability/p
age.tsx [Client Component SSR]
    ./src/app/accountability/p
age.tsx [Server Component]

https://nextjs.org/docs/messag
es/module-not-found


./src/app/focus/page.tsx:9:1
Module not found: Can't 
resolve '../../../convex/_gene
rated/api'
[0m [90m  7 |[39m 
[36mimport[39m { v4 
[36mas[39m uuidv4 } 
[36mfrom[39m 
[32m"uuid"[39m[33m;[39m
 [90m  8 |[39m 
[36mimport[39m { 
useQuery[33m,[39m 
useMutation } [36mfrom[39m 
[32m"convex/react"[39m[33m;
[39m
[31m[1m>[22m[39m[90m  9 
|[39m [36mimport[39m { api 
} [36mfrom[39m [32m"../../.
./convex/_generated/api"[39m
[33m;[39m
 [90m    |[39m [31m[1m^[2
2m[39m[31m[1m^[22m[39m[3
1m[1m^[22m[39m[31m[1m^[2
2m[39m[31m[1m^[22m[39m[3
1m[1m^[22m[39m[31m[1m^[2
2m[39m[31m[1m^[22m[39m[3
1m[1m^[22m[39m[31m[1m^[2
2m[39m[31m[1m^[22m[39m[3
1m[1m^[22m[39m[31m[1m^[2
2m[39m[31m[1m^[22m[39m[3
1m[1m^[22m[39m[31m[1m^[2
2m[39m[31m[1m^[22m[39m[3
1m[1m^[22m[39m[31m[1m^[2
2m[39m[31m[1m^[22m[39m[3
1m[1m^[22m[39m[31m[1m^[2
2m[39m[31m[1m^[22m[39m[3
1m[1m^[22m[39m[31m[1m^[2
2m[39m[31m[1m^[22m[39m[3
1m[1m^[22m[39m[31m[1m^[2
2m[39m[31m[1m^[22m[39m[3
1m[1m^[22m[39m[31m[1m^[2
2m[39m[31m[1m^[22m[39m[3
1m[1m^[22m[39m[31m[1m^[2
2m[39m[31m[1m^[22m[39m[3
1m[1m^[22m[39m[31m[1m^[2
2m[39m[31m[1m^[22m[39m[3
1m[1m^[22m[39m[31m[1m^[2
2m[39m[31m[1m^[22m[39m[3
1m[1m^[22m[39m[31m[1m^[2
2m[39m[31m[1m^[22m[39m[3
1m[1m^[22m[39m[31m[1m^[2
2m[39m[31m[1m^[22m[39m[3
1m[1m^[22m[39m[31m[1m^[2
2m[39m[31m[1m^[22m[39m[3
1m[1m^[22m[39m[31m[1m^[2
2m[39m[31m[1m^[22m[39m
 [90m 10 |[39m
 [90m 11 |[39m 
[36mexport[39m type 
[33mSession[39m [33m=[39m 
{
 [90m 12 |[39m   
id[33m:[39m 
string[33m;[39m[0m



Import traces:
  Client Component Browser:
    ./src/app/focus/page.tsx 
[Client Component Browser]
    ./src/app/focus/page.tsx 
[Server Component]

  Client Component SSR:
    ./src/app/focus/page.tsx 
[Client Component SSR]
    ./src/app/focus/page.tsx 
[Server Component]

https://nextjs.org/docs/messag
es/module-not-found


./src/app/journal/page.tsx:9:1
Module not found: Can't 
resolve '../../../convex/_gene
rated/api'
[0m [90m  7 |[39m 
[36mimport[39m { v4 
[36mas[39m uuidv4 } 
[36mfrom[39m 
[32m"uuid"[39m[33m;[39m
 [90m  8 |[39m 
[36mimport[39m { 
useQuery[33m,[39m 
useMutation } [36mfrom[39m 
[32m"convex/react"[39m[33m;
[39m
[31m[1m>[22m[39m[90m  9 
|[39m [36mimport[39m { api 
} [36mfrom[39m [32m"../../.
./convex/_generated/api"[39m
[33m;[39m
 [90m    |[39m [31m[1m^[2
2m[39m[31m[1m^[22m[39m[3
1m[1m^[22m[39m[31m[1m^[2
2m[39m[31m[1m^[22m[39m[3
1m[1m^[22m[39m[31m[1m^[2
2m[39m[31m[1m^[22m[39m[3
1m[1m^[22m[39m[31m[1m^[2
2m[39m[31m[1m^[22m[39m[3
1m[1m^[22m[39m[31m[1m^[2
2m[39m[31m[1m^[22m[39m[3
1m[1m^[22m[39m[31m[1m^[2
2m[39m[31m[1m^[22m[39m[3
1m[1m^[22m[39m[31m[1m^[2
2m[39m[31m[1m^[22m[39m[3
1m[1m^[22m[39m[31m[1m^[2
2m[39m[31m[1m^[22m[39m[3
1m[1m^[22m[39m[31m[1m^[2
2m[39m[31m[1m^[22m[39m[3
1m[1m^[22m[39m[31m[1m^[2
2m[39m[31m[1m^[22m[39m[3
1m[1m^[22m[39m[31m[1m^[2
2m[39m[31m[1m^[22m[39m[3
1m[1m^[22m[39m[31m[1m^[2
2m[39m[31m[1m^[22m[39m[3
1m[1m^[22m[39m[31m[1m^[2
2m[39m[31m[1m^[22m[39m[3
1m[1m^[22m[39m[31m[1m^[2
2m[39m[31m[1m^[22m[39m[3
1m[1m^[22m[39m[31m[1m^[2
2m[39m[31m[1m^[22m[39m[3
1m[1m^[22m[39m[31m[1m^[2
2m[39m[31m[1m^[22m[39m[3
1m[1m^[22m[39m[31m[1m^[2
2m[39m[31m[1m^[22m[39m[3
1m[1m^[22m[39m[31m[1m^[2
2m[39m[31m[1m^[22m[39m
 [90m 10 |[39m
 [90m 11 |[39m 
[36mexport[39m type 
[33mJournalSession[39m 
[33m=[39m {
 [90m 12 |[39m   
id[33m:[39m 
string[33m;[39m[0m



Import traces:
  Client Component Browser:
    
./src/app/journal/page.tsx 
[Client Component Browser]
    
./src/app/journal/page.tsx 
[Server Component]

  Client Component SSR:
    
./src/app/journal/page.tsx 
[Client Component SSR]
    
./src/app/journal/page.tsx 
[Server Component]

https://nextjs.org/docs/messag
es/module-not-found


./src/app/rubber-duck/page.tsx
:9:1
Module not found: Can't 
resolve '../../../convex/_gene
rated/api'
[0m [90m  7 |[39m 
[36mimport[39m { v4 
[36mas[39m uuidv4 } 
[36mfrom[39m 
[32m"uuid"[39m[33m;[39m
 [90m  8 |[39m 
[36mimport[39m { 
useQuery[33m,[39m 
useMutation } [36mfrom[39m 
[32m"convex/react"[39m[33m;
[39m
[31m[1m>[22m[39m[90m  9 
|[39m [36mimport[39m { api 
} [36mfrom[39m [32m"../../.
./convex/_generated/api"[39m
[33m;[39m
 [90m    |[39m [31m[1m^[2
2m[39m[31m[1m^[22m[39m[3
1m[1m^[22m[39m[31m[1m^[2
2m[39m[31m[1m^[22m[39m[3
1m[1m^[22m[39m[31m[1m^[2
2m[39m[31m[1m^[22m[39m[3
1m[1m^[22m[39m[31m[1m^[2
2m[39m[31m[1m^[22m[39m[3
1m[1m^[22m[39m[31m[1m^[2
2m[39m[31m[1m^[22m[39m[3
1m[1m^[22m[39m[31m[1m^[2
2m[39m[31m[1m^[22m[39m[3
1m[1m^[22m[39m[31m[1m^[2
2m[39m[31m[1m^[22m[39m[3
1m[1m^[22m[39m[31m[1m^[2
2m[39m[31m[1m^[22m[39m[3
1m[1m^[22m[39m[31m[1m^[2
2m[39m[31m[1m^[22m[39m[3
1m[1m^[22m[39m[31m[1m^[2
2m[39m[31m[1m^[22m[39m[3
1m[1m^[22m[39m[31m[1m^[2
2m[39m[31m[1m^[22m[39m[3
1m[1m^[22m[39m[31m[1m^[2
2m[39m[31m[1m^[22m[39m[3
1m[1m^[22m[39m[31m[1m^[2
2m[39m[31m[1m^[22m[39m[3
1m[1m^[22m[39m[31m[1m^[2
2m[39m[31m[1m^[22m[39m[3
1m[1m^[22m[39m[31m[1m^[2
2m[39m[31m[1m^[22m[39m[3
1m[1m^[22m[39m[31m[1m^[2
2m[39m[31m[1m^[22m[39m[3
1m[1m^[22m[39m[31m[1m^[2
2m[39m[31m[1m^[22m[39m[3
1m[1m^[22m[39m[31m[1m^[2
2m[39m[31m[1m^[22m[39m
 [90m 10 |[39m
 [90m 11 |[39m 
[36mexport[39m type 
[33mSession[39m [33m=[39m 
{
 [90m 12 |[39m   
id[33m:[39m 
string[33m;[39m[0m



Import traces:
  Client Component Browser:
    ./src/app/rubber-duck/page
.tsx [Client Component 
Browser]
    ./src/app/rubber-duck/page
.tsx [Server Component]

  Client Component SSR:
    ./src/app/rubber-duck/page
.tsx [Client Component SSR]
    ./src/app/rubber-duck/page
.tsx [Server Component]

https://nextjs.org/docs/messag
es/module-not-found


./src/components/StreakWidget.
tsx:6:1
Module not found: Can't 
resolve 
'../../convex/_generated/api'
[0m [90m 4 |[39m 
[36mimport[39m { 
useState[33m,[39m useEffect 
} [36mfrom[39m 
[32m"react"[39m[33m;[39m
 [90m 5 |[39m 
[36mimport[39m { useQuery } 
[36mfrom[39m [32m"convex/re
act"[39m[33m;[39m
[31m[1m>[22m[39m[90m 6 
|[39m [36mimport[39m { api 
} [36mfrom[39m [32m"../../c
onvex/_generated/api"[39m[33
m;[39m
 [90m   |[39m [31m[1m^[22
m[39m[31m[1m^[22m[39m[31
m[1m^[22m[39m[31m[1m^[22
m[39m[31m[1m^[22m[39m[31
m[1m^[22m[39m[31m[1m^[22
m[39m[31m[1m^[22m[39m[31
m[1m^[22m[39m[31m[1m^[22
m[39m[31m[1m^[22m[39m[31
m[1m^[22m[39m[31m[1m^[22
m[39m[31m[1m^[22m[39m[31
m[1m^[22m[39m[31m[1m^[22
m[39m[31m[1m^[22m[39m[31
m[1m^[22m[39m[31m[1m^[22
m[39m[31m[1m^[22m[39m[31
m[1m^[22m[39m[31m[1m^[22
m[39m[31m[1m^[22m[39m[31
m[1m^[22m[39m[31m[1m^[22
m[39m[31m[1m^[22m[39m[31
m[1m^[22m[39m[31m[1m^[22
m[39m[31m[1m^[22m[39m[31
m[1m^[22m[39m[31m[1m^[22
m[39m[31m[1m^[22m[39m[31
m[1m^[22m[39m[31m[1m^[22
m[39m[31m[1m^[22m[39m[31
m[1m^[22m[39m[31m[1m^[22
m[39m[31m[1m^[22m[39m[31
m[1m^[22m[39m[31m[1m^[22
m[39m[31m[1m^[22m[39m[31
m[1m^[22m[39m[31m[1m^[22
m[39m[31m[1m^[22m[39m[31
m[1m^[22m[39m[31m[1m^[22
m[39m[31m[1m^[22m[39m[31
m[1m^[22m[39m[31m[1m^[22
m[39m[31m[1m^[22m[39m
 [90m 7 |[39m
 [90m 8 |[39m 
[36mexport[39m 
[36mfunction[39m 
[33mStreakWidget[39m() {
 [90m 9 |[39m   
[36mconst[39m streak 
[33m=[39m useQuery(api[33m.
[39mstreaks[33m.[39m[36mge
t[39m)[33m;[39m[0m



Import trace:
  Server Component:
    ./src/components/StreakWid
get.tsx
    ./src/app/page.tsx

https://nextjs.org/docs/messag
es/module-not-found


    at <unknown> (./src/app/ac
countability/page.tsx:8:1)
    at <unknown> (https://next
js.org/docs/messages/module-no
t-found)
    at <unknown> 
(./src/app/focus/page.tsx:9:1)
    at <unknown> (https://next
js.org/docs/messages/module-no
t-found)
    at <unknown> (./src/app/jo
urnal/page.tsx:9:1)
    at <unknown> (https://next
js.org/docs/messages/module-no
t-found)
    at <unknown> (./src/app/ru
bber-duck/page.tsx:9:1)
    at <unknown> (https://next
js.org/docs/messages/module-no
t-found)
    at <unknown> (./src/compon
ents/StreakWidget.tsx:6:1)
    at <unknown> (https://next
js.org/docs/messages/module-no
t-found)
