convex/memory.ts(1,33): error TS2307: Cannot find module './_generated/server' or its corresponding type declarations.
convex/memory.ts(6,19): error TS7006: Parameter 'ctx' implicitly has an 'any' type.
convex/memory.ts(6,24): error TS7006: Parameter 'args' implicitly has an 'any' type.
convex/memory.ts(9,16): error TS7006: Parameter 'q' implicitly has an 'any' type.
convex/memory.ts(13,25): error TS7006: Parameter 's' implicitly has an 'any' type.
convex/memory.ts(29,19): error TS7006: Parameter 'ctx' implicitly has an 'any' type.
convex/memory.ts(29,24): error TS7006: Parameter 'args' implicitly has an 'any' type.
convex/memory.ts(32,16): error TS7006: Parameter 'q' implicitly has an 'any' type.
convex/memory.ts(54,19): error TS7006: Parameter 'ctx' implicitly has an 'any' type.
convex/memory.ts(54,24): error TS7006: Parameter 'args' implicitly has an 'any' type.
convex/memory.ts(70,19): error TS7006: Parameter 'ctx' implicitly has an 'any' type.
convex/memory.ts(70,24): error TS7006: Parameter 'args' implicitly has an 'any' type.
convex/streaks.ts(1,33): error TS2307: Cannot find module './_generated/server' or its corresponding type declarations.
convex/streaks.ts(9,19): error TS7006: Parameter 'ctx' implicitly has an 'any' type.
convex/streaks.ts(12,16): error TS7006: Parameter 'q' implicitly has an 'any' type.
convex/streaks.ts(37,19): error TS7006: Parameter 'ctx' implicitly has an 'any' type.
convex/streaks.ts(40,16): error TS7006: Parameter 'q' implicitly has an 'any' type.
src/app/accountability/page.tsx(8,21): error TS2307: Cannot find module '../../../convex/_generated/api' or its corresponding type declarations.
src/app/accountability/page.tsx(82,39): error TS7006: Parameter 's' implicitly has an 'any' type.
src/app/accountability/page.tsx(136,41): error TS7006: Parameter 's' implicitly has an 'any' type.
src/app/accountability/page.tsx(309,28): error TS7006: Parameter 's' implicitly has an 'any' type.
src/app/accountability/page.tsx(309,31): error TS7006: Parameter 'idx' implicitly has an 'any' type.
src/app/accountability/page.tsx(371,47): error TS7006: Parameter 'msg' implicitly has an 'any' type.
src/app/accountability/page.tsx(371,52): error TS7006: Parameter 'i' implicitly has an 'any' type.
src/app/focus/page.tsx(9,21): error TS2307: Cannot find module '../../../convex/_generated/api' or its corresponding type declarations.
src/app/focus/page.tsx(36,39): error TS7006: Parameter 's' implicitly has an 'any' type.
src/app/focus/page.tsx(64,41): error TS7006: Parameter 's' implicitly has an 'any' type.
src/app/focus/page.tsx(135,24): error TS7006: Parameter 's' implicitly has an 'any' type.
src/app/focus/page.tsx(135,27): error TS7006: Parameter 'idx' implicitly has an 'any' type.
src/app/focus/page.tsx(210,45): error TS7006: Parameter 'msg' implicitly has an 'any' type.
src/app/focus/page.tsx(210,50): error TS7006: Parameter 'i' implicitly has an 'any' type.
src/app/journal/page.tsx(9,21): error TS2307: Cannot find module '../../../convex/_generated/api' or its corresponding type declarations.
src/app/rubber-duck/page.tsx(9,21): error TS2307: Cannot find module '../../../convex/_generated/api' or its corresponding type declarations.
src/app/rubber-duck/page.tsx(36,39): error TS7006: Parameter 's' implicitly has an 'any' type.
src/app/rubber-duck/page.tsx(63,41): error TS7006: Parameter 's' implicitly has an 'any' type.
src/app/rubber-duck/page.tsx(133,24): error TS7006: Parameter 's' implicitly has an 'any' type.
src/app/rubber-duck/page.tsx(133,27): error TS7006: Parameter 'idx' implicitly has an 'any' type.
src/app/rubber-duck/page.tsx(215,45): error TS7006: Parameter 'msg' implicitly has an 'any' type.
src/app/rubber-duck/page.tsx(215,50): error TS7006: Parameter 'i' implicitly has an 'any' type.
src/components/StreakWidget.tsx(6,21): error TS2307: Cannot find module '../../convex/_generated/api' or its corresponding type declarations.
